###############################################################################
#
# IAR ELF Linker V9.30.1.335/W64 for ARM                  28/Dec/2022  00:18:33
# Copyright 2007-2022 IAR Systems AB.
#
#    Output file  =
#        D:\S7\intro to
#        embedded\Tiva-C-Applications-With-LCD-Keypad-master\Debug\Exe\Calculator.out
#    Map file     =
#        D:\S7\intro to
#        embedded\Tiva-C-Applications-With-LCD-Keypad-master\Debug\List\Calculator.map
#    Command line =
#        -f "D:\S7\intro to
#        embedded\Tiva-C-Applications-With-LCD-Keypad-master\Debug\Exe\Calculator.out.rsp"
#        ("D:\S7\intro to
#        embedded\Tiva-C-Applications-With-LCD-Keypad-master\Debug\Obj\Adv_Calc.o"
#        "D:\S7\intro to
#        embedded\Tiva-C-Applications-With-LCD-Keypad-master\Debug\Obj\Basic_Calc.o"
#        "D:\S7\intro to
#        embedded\Tiva-C-Applications-With-LCD-Keypad-master\Debug\Obj\Calculator.o"
#        "D:\S7\intro to
#        embedded\Tiva-C-Applications-With-LCD-Keypad-master\Debug\Obj\Calculator_Base.o"
#        "D:\S7\intro to
#        embedded\Tiva-C-Applications-With-LCD-Keypad-master\Debug\Obj\Delay.o"
#        "D:\S7\intro to
#        embedded\Tiva-C-Applications-With-LCD-Keypad-master\Debug\Obj\DIO.o"
#        C:\ti\TivaWare_C_Series-2.2.0.295\driverlib\ewarm\Exe\driverlib.a
#        "D:\S7\intro to
#        embedded\Tiva-C-Applications-With-LCD-Keypad-master\Debug\Obj\Keypad.o"
#        "D:\S7\intro to
#        embedded\Tiva-C-Applications-With-LCD-Keypad-master\Debug\Obj\LCD.o"
#        "D:\S7\intro to
#        embedded\Tiva-C-Applications-With-LCD-Keypad-master\Debug\Obj\LEDs.o"
#        "D:\S7\intro to
#        embedded\Tiva-C-Applications-With-LCD-Keypad-master\Debug\Obj\main.o"
#        "D:\S7\intro to
#        embedded\Tiva-C-Applications-With-LCD-Keypad-master\Debug\Obj\startup_ewarm.o"
#        "D:\S7\intro to
#        embedded\Tiva-C-Applications-With-LCD-Keypad-master\Debug\Obj\Stopwatch.o"
#        --no_out_extension -o "D:\S7\intro to
#        embedded\Tiva-C-Applications-With-LCD-Keypad-master\Debug\Exe\Calculator.out"
#        --redirect _Printf=_PrintfFullNoMb --redirect _Scanf=_ScanfFullNoMb
#        --map "D:\S7\intro to
#        embedded\Tiva-C-Applications-With-LCD-Keypad-master\Debug\List\Calculator.map"
#        --config "C:\Program Files\IAR Systems\Embedded Workbench
#        9.1\arm/config/linker/TexasInstruments/TM4C123GE6.icf" --semihosting
#        C:\ti\TivaWare_C_Series-2.2.0.295\driverlib\ewarm\Exe\driverlib.a
#        --entry __iar_program_start --vfe --text_out locale --cpu=Cortex-M4
#        --fpu=VFPv4_sp)
#
###############################################################################

*******************************************************************************
*** MESSAGES
***


  "D:\S7\intro to embedded\Tiva-C-Applications-With-LCD-Keypad-master\Debug\Obj\Adv_Calc.o" "D:\S7\intro to embedded\Tiva-C-Applications-With-LCD-Keypad-master\Debug\Obj\Basic_Calc.o" "D:\S7\intro to embedded\Tiva-C-Applications-With-LCD-Keypad-master\Debug\Obj\Calculator.o" "D:\S7\intro to embedded\Tiva-C-Applications-With-LCD-Keypad-master\Debug\Obj\Calculator_Base.o" "D:\S7\intro to embedded\Tiva-C-Applications-With-LCD-Keypad-master\Debug\Obj\Delay.o" "D:\S7\intro to embedded\Tiva-C-Applications-With-LCD-Keypad-master\Debug\Obj\DIO.o" C:\ti\TivaWare_C_Series-2.2.0.295\driverlib\ewarm\Exe\driverlib.a "D:\S7\intro to embedded\Tiva-C-Applications-With-LCD-Keypad-master\Debug\Obj\Keypad.o" "D:\S7\intro to embedded\Tiva-C-Applications-With-LCD-Keypad-master\Debug\Obj\LCD.o" "D:\S7\intro to embedded\Tiva-C-Applications-With-LCD-Keypad-master\Debug\Obj\LEDs.o" "D:\S7\intro to embedded\Tiva-C-Applications-With-LCD-Keypad-master\Debug\Obj\main.o" "D:\S7\intro to embedded\Tiva-C-Applications-With-LCD-Keypad-master\Debug\Obj\startup_ewarm.o" "D:\S7\intro to embedded\Tiva-C-Applications-With-LCD-Keypad-master\Debug\Obj\Stopwatch.o" --no_out_extension -o "D:\S7\intro to embedded\Tiva-C-Applications-With-LCD-Keypad-master\Debug\Exe\Calculator.out" --redirect _Printf=_PrintfFullNoMb --redirect _Scanf=_ScanfFullNoMb --map "D:\S7\intro to embedded\Tiva-C-Applications-With-LCD-Keypad-master\Debug\List\Calculator.map" --config "C:\Program Files\IAR Systems\Embedded Workbench 9.1\arm/config/linker/TexasInstruments/TM4C123GE6.icf" --semihosting C:\ti\TivaWare_C_Series-2.2.0.295\driverlib\ewarm\Exe\driverlib.a --entry __iar_program_start --vfe --text_out locale --cpu=Cortex-M4 --fpu=VFPv4_sp
                                                                                                                                                                                                                                                                                                                                                                                                                                                                                                                                                                                                                                                                                                                                                                                                                                                                                                                                                                                                                                                                                                                                                                                                                                                                                                                                                                                                                                                                                                                                                                                                                  ^
"D:\S7\intro to embedded\Tiva-C-Applications-With-LCD-Keypad-master\Debug\Exe\Calculator.out.rsp",1  Warning[Li065]: 
          duplicate file:
          "C:\ti\TivaWare_C_Series-2.2.0.295\driverlib\ewarm\Exe\driverlib.a"
Warning[Lt009]: Inconsistent wchar_t size
            gpio.o(driverlib.a) and 4 other objects in driverlib.a have wchar_t
                      size 16 bits
            Adv_Calc.o and 44 other objects, some of them in dl7M_tln.a and 17
                      other libraries have wchar_t size 32 bits


*******************************************************************************
*** RUNTIME MODEL ATTRIBUTES
***

CppFlavor       = *
__CPP_Runtime   = 1
__Heap_Handler  = Basic
__SystemLibrary = DLib
__dlib_version  = 6


*******************************************************************************
*** HEAP SELECTION
***

The basic heap was selected because --advanced_heap
was not specified and the application did not appear to
be primarily optimized for speed.


*******************************************************************************
*** PLACEMENT SUMMARY
***

"A0":  place at address 0x0 { ro section .intvec };
"P1":  place in [from 0x0 to 0x1'ffff] { ro };
define block CSTACK with size = 4K, alignment = 8 { };
define block HEAP with size = 8K, alignment = 8 { };
"P2":  place in [from 0x2000'0000 to 0x2000'7fff] {
          rw, block CSTACK, block HEAP };
do not initialize { rw section .noinit };
initialize by copy { rw };

  Section            Kind         Address    Size  Object
  -------            ----         -------    ----  ------
"A0":                                       0x26c
  .intvec            const            0x0   0x26c  startup_ewarm.o [1]
                                  - 0x26c   0x26c

"P1":                                      0x3bb8
  .text              ro code        0x26c   0xe8e  xprintffull_nomb.o [2]
  .text              ro code       0x10fa    0x2a  copy_init3.o [5]
  .text              ro code       0x1124    0x16  strchr.o [5]
  .text              ro code       0x113a    0x1a  xsnprout.o [2]
  .text              ro code       0x1154    0x40  xfail_s.o [2]
  .text              ro code       0x1194    0x36  strlen.o [5]
  .text              ro code       0x11ca     0xa  xsprout.o [2]
  .text              ro code       0x11d4    0x58  memchr.o [5]
  .text              ro code       0x122c    0x76  ABImemcpy_unaligned.o [5]
  .text              ro code       0x12a4    0x70  frexp.o [4]
  .text              ro code       0x1314    0x34  DblCmpLe.o [4]
  .text              ro code       0x1348    0x34  DblCmpGe.o [4]
  .text              ro code       0x137c   0x13a  ldexp.o [4]
  .text              ro code       0x14b8    0x36  DblToS32.o [4]
  .text              ro code       0x14f0    0x22  S32ToDbl.o [4]
  .text              ro code       0x1514   0x24e  DblAddSub.o [4]
  .text              ro code       0x1764   0x246  DblDiv.o [4]
  .text              ro code       0x19ac    0x22  DblToU32.o [4]
  .text              ro code       0x19d0    0x1c  U32ToDbl.o [4]
  .text              ro code       0x19ec   0x1aa  DblMul.o [4]
  .text              ro code       0x1b98   0x230  I64DivMod.o [5]
  .text              ro code       0x1dc8     0x6  abort.o [2]
  .text              ro code       0x1dd0     0x2  I64DivZer.o [5]
  .text              ro code       0x1dd4    0x14  exit.o [6]
  .text              ro code       0x1de8    0x7c  iarttio.o [6]
  .text              ro code       0x1e64     0x8  XShttio.o [2]
  .text              ro code       0x1e6c   0x53c  Basic_Calc.o [1]
  .text              ro code       0x23a8   0x2dc  LCD.o [1]
  .text              ro code       0x2684    0x30  Delay.o [1]
  .text              ro code       0x26b4    0xb8  LEDs.o [1]
  .text              ro code       0x276c     0xa  DIO.o [1]
  .text              ro code       0x2778   0x214  gpio.o [3]
  .text              ro code       0x298c    0xb0  interrupt.o [3]
  .text              ro code       0x2a3c   0x168  Calculator_Base.o [1]
  .text              ro code       0x2ba4    0xd8  Keypad.o [1]
  .text              ro code       0x2c7c   0x364  Adv_Calc.o [1]
  .text              ro code       0x2fe0   0x366  Stopwatch.o [1]
  .text              ro code       0x3346    0x14  memset.o [5]
  .text              ro code       0x335c    0x40  sprintf.o [2]
  .text              ro code       0x339c    0x48  FltToDbl.o [4]
  .text              ro code       0x33e4    0x44  snprintf.o [2]
  .text              ro code       0x3428   0x13c  heap0.o [2]
  .text              ro code       0x3564     0x4  heaptramp0.o [2]
  .text              ro code       0x3568     0x8  cpu.o [3]
  .text              ro code       0x3570    0xb4  Calculator.o [1]
  .text              ro code       0x3624    0x28  printf.o [2]
  .text              ro code       0x364c   0x188  timer.o [3]
  .text              ro code       0x37d4   0x2c0  sysctl.o [3]
  .text              ro code       0x3a94    0x66  ABImemset.o [5]
  .text              ro code       0x3afc    0x2c  xgetmemchunk.o [2]
  .text              ro code       0x3b28    0x38  zero_init3.o [5]
  .rodata            const         0x3b60    0x28  Calculator_Base.o [1]
  .text              ro code       0x3b88    0x28  data_init.o [5]
  .text              ro code       0x3bb0    0x22  fpinit_M.o [4]
  .text              ro code       0x3bd2    0x22  iarwrite.o [6]
  .iar.init_table    const         0x3bf4    0x24  - Linker created -
  .text              ro code       0x3c18    0x20  putchar.o [2]
  .text              ro code       0x3c38    0x10  write.o [6]
  .text              ro code       0x3c48    0x1e  dwrite.o [6]
  .text              ro code       0x3c66    0x20  iarwstd.o [6]
  .text              ro code       0x3c88    0x1e  startup_ewarm.o [1]
  .text              ro code       0x3ca8    0x1c  cstartup_M.o [5]
  .text              ro code       0x3cc4    0x1e  cmain.o [5]
  .text              ro code       0x3ce2     0x4  low_level_init.o [2]
  .text              ro code       0x3ce8    0x1c  main.o [1]
  .text              ro code       0x3d04     0x4  exit.o [2]
  .text              ro code       0x3d08     0xa  cexit.o [5]
  .text              ro code       0x3d12    0x16  xprout.o [2]
  .rodata            const         0x3d28    0x14  Basic_Calc.o [1]
  .rodata            const         0x3d3c    0x14  Stopwatch.o [1]
  .rodata            const         0x3d50    0x10  Calculator.o [1]
  .rodata            const         0x3d60    0x10  Calculator.o [1]
  .rodata            const         0x3d70    0x10  Calculator.o [1]
  .rodata            const         0x3d80    0x10  Calculator.o [1]
  .rodata            const         0x3d90    0x10  Calculator_Base.o [1]
  .rodata            const         0x3da0    0x10  Calculator_Base.o [1]
  .rodata            const         0x3db0    0x10  Keypad.o [1]
  .rodata            const         0x3dc0    0x10  Stopwatch.o [1]
  Initializer bytes  const         0x3dd0    0x10  <for P2-1>
  .rodata            const         0x3de0     0xc  Basic_Calc.o [1]
  .rodata            const         0x3dec     0xc  Calculator.o [1]
  .rodata            const         0x3df8     0xc  LCD.o [1]
  .rodata            const         0x3e04     0x8  Adv_Calc.o [1]
  .rodata            const         0x3e0c     0x8  Adv_Calc.o [1]
  .rodata            const         0x3e14     0x8  Calculator.o [1]
  .rodata            const         0x3e1c     0x8  LCD.o [1]
  .rodata            const         0x3e24     0x0  zero_init3.o [5]
  .rodata            const         0x3e24     0x0  copy_init3.o [5]
                                 - 0x3e24  0x3bb8

"P2", part 1 of 3:                           0x10
  P2-1                        0x2000'0000     0xe  <Init block>
    .data            inited   0x2000'0000     0x8  XShttio.o [2]
    .data            inited   0x2000'0008     0x1  Basic_Calc.o [1]
    .data            inited   0x2000'0009     0x1  Basic_Calc.o [1]
    .data            inited   0x2000'000a     0x1  Basic_Calc.o [1]
    .data            inited   0x2000'000b     0x1  Basic_Calc.o [1]
    .data            inited   0x2000'000c     0x1  Basic_Calc.o [1]
    .data            inited   0x2000'000d     0x1  Stopwatch.o [1]
                            - 0x2000'000e     0xe

"P2", part 2 of 3:                          0x6b8
  VTABLE             zero     0x2000'0400   0x26c  interrupt.o [3]
  .bss               zero     0x2000'066c    0x28  Basic_Calc.o [1]
  .bss               zero     0x2000'0694     0x8  heap0.o [2]
  .bss               zero     0x2000'069c     0x4  Adv_Calc.o [1]
  .bss               zero     0x2000'06a0     0x4  Adv_Calc.o [1]
  .bss               zero     0x2000'06a4     0x4  Adv_Calc.o [1]
  .bss               zero     0x2000'06a8     0x4  Basic_Calc.o [1]
  .bss               zero     0x2000'06ac     0x4  Basic_Calc.o [1]
  .bss               zero     0x2000'06b0     0x4  Basic_Calc.o [1]
  .bss               zero     0x2000'06b4     0x4  Basic_Calc.o [1]
  .bss               zero     0x2000'06b8     0x4  Calculator_Base.o [1]
  .bss               zero     0x2000'06bc     0x4  xfail_s.o [2]
  .bss               zero     0x2000'06c0     0x4  xgetmemchunk.o [2]
  .bss               zero     0x2000'06c4     0x1  Basic_Calc.o [1]
  .bss               zero     0x2000'06c5     0x1  Calculator_Base.o [1]
                            - 0x2000'06c6   0x6b6

"P2", part 3 of 3:                         0x2100
  .noinit            uninit   0x2000'06c8   0x100  startup_ewarm.o [1]
  HEAP                        0x2000'07c8  0x2000  <Block>
    HEAP             uninit   0x2000'07c8  0x2000  <Block tail>
                            - 0x2000'27c8  0x2100

Unused ranges:

         From           To      Size
         ----           --      ----
       0x3e24     0x1'ffff  0x1'c1dc
  0x2000'27c8  0x2000'7fff    0x5838


*******************************************************************************
*** INIT TABLE
***

          Address      Size
          -------      ----
Zero (__iar_zero_init3)
    1 destination range, total size 0x2c6:
          0x2000'0400  0x2c6

Copy (__iar_copy_init3)
    1 source range, total size 0x10 (114% of destination):
               0x3dd0   0x10
    1 destination range, total size 0xe:
          0x2000'0000    0xe



*******************************************************************************
*** MODULE SUMMARY
***

    Module                 ro code  ro data  rw data
    ------                 -------  -------  -------
command line/config:
    ------------------------------------------------
    Total:

D:\S7\intro to embedded\Tiva-C-Applications-With-LCD-Keypad-master\Debug\Obj: [1]
    Adv_Calc.o                 868       16       12
    Basic_Calc.o             1'340       37       62
    Calculator.o               180       84
    Calculator_Base.o          360       72        5
    DIO.o                       10
    Delay.o                     48
    Keypad.o                   216       16
    LCD.o                      732       20
    LEDs.o                     184
    Stopwatch.o                870       37        1
    main.o                      28
    startup_ewarm.o             30      620      256
    ------------------------------------------------
    Total:                   4'866      902      336

dl7M_tln.a: [2]
    XShttio.o                    8        8        8
    abort.o                      6
    exit.o                       4
    heap0.o                    316                 8
    heaptramp0.o                 4
    low_level_init.o             4
    printf.o                    40
    putchar.o                   32
    snprintf.o                  68
    sprintf.o                   64
    xfail_s.o                   64                 4
    xgetmemchunk.o              44                 4
    xprintffull_nomb.o       3'726
    xprout.o                    22
    xsnprout.o                  26
    xsprout.o                   10
    ------------------------------------------------
    Total:                   4'438        8       24

driverlib.a: [3]
    cpu.o                        8
    gpio.o                     532
    interrupt.o                176               620
    sysctl.o                   704
    timer.o                    392
    ------------------------------------------------
    Total:                   1'812               620

m7M_tls.a: [4]
    DblAddSub.o                590
    DblCmpGe.o                  52
    DblCmpLe.o                  52
    DblDiv.o                   582
    DblMul.o                   426
    DblToS32.o                  54
    DblToU32.o                  34
    FltToDbl.o                  72
    S32ToDbl.o                  34
    U32ToDbl.o                  28
    fpinit_M.o                  34
    frexp.o                    112
    ldexp.o                    314
    ------------------------------------------------
    Total:                   2'384

rt7M_tl.a: [5]
    ABImemcpy_unaligned.o      118
    ABImemset.o                102
    I64DivMod.o                560
    I64DivZer.o                  2
    cexit.o                     10
    cmain.o                     30
    copy_init3.o                42
    cstartup_M.o                28
    data_init.o                 40
    memchr.o                    88
    memset.o                    20
    strchr.o                    22
    strlen.o                    54
    zero_init3.o                56
    ------------------------------------------------
    Total:                   1'172

shb_l.a: [6]
    dwrite.o                    30
    exit.o                      20
    iarttio.o                  124
    iarwrite.o                  34
    iarwstd.o                   32
    write.o                     16
    ------------------------------------------------
    Total:                     256

    Gaps                        32             1'008
    Linker created                       38    8'192
----------------------------------------------------
    Grand Total:            14'960      948   10'180


*******************************************************************************
*** ENTRY LIST
***

Entry                       Address   Size  Type      Object
-----                       -------   ----  ----      ------
.iar.init_table$$Base        0x3bf4          --   Gb  - Linker created -
.iar.init_table$$Limit       0x3c18          --   Gb  - Linker created -
?main                        0x3cc5         Code  Gb  cmain.o [5]
Aldata                  0x2000'0694    0x8  Data  Lc  heap0.o [2]
CPUcpsie                     0x3569    0x8  Code  Gb  cpu.o [3]
DIO_ReadPin                  0x276d    0xa  Code  Gb  DIO.o [1]
FaultISR                     0x3ca3    0x2  Code  Lc  startup_ewarm.o [1]
GPIOIntClear                 0x27bf    0x6  Code  Gb  gpio.o [3]
GPIOIntEnable                0x27b9    0x6  Code  Gb  gpio.o [3]
GPIOIntRegister              0x27c5   0x14  Code  Gb  gpio.o [3]
HEAP$$Base              0x2000'07c8          --   Gb  - Linker created -
HEAP$$Limit             0x2000'27c8          --   Gb  - Linker created -
IntDefaultHandler            0x3ca5    0x2  Code  Lc  startup_ewarm.o [1]
IntEnable                    0x29c3   0x56  Code  Gb  interrupt.o [3]
IntMasterEnable              0x298d    0x8  Code  Gb  interrupt.o [3]
IntRegister                  0x299d   0x26  Code  Gb  interrupt.o [3]
KeyInt                       0x3007   0x20  Code  Gb  Stopwatch.o [1]
LCD_Init                     0x23a9   0x8e  Code  Gb  LCD.o [1]
LCD_command                  0x2437   0x30  Code  Gb  LCD.o [1]
LCD_data                     0x2467   0x24  Code  Gb  LCD.o [1]
LCD_errormsg                 0x253b   0x10  Code  Gb  LCD.o [1]
LCD_printFloat               0x24b9   0x64  Code  Gb  LCD.o [1]
LCD_printInt                 0x248b   0x2e  Code  Gb  LCD.o [1]
LCD_printString              0x251d   0x1e  Code  Gb  LCD.o [1]
LCD_setcursorRowCol          0x254b   0x4c  Code  Gb  LCD.o [1]
LED_blue                     0x2733    0x8  Code  Gb  LEDs.o [1]
LED_green                    0x273b   0x16  Code  Gb  LEDs.o [1]
LED_red                      0x26eb   0x48  Code  Gb  LEDs.o [1]
NmiSR                        0x3ca1    0x2  Code  Lc  startup_ewarm.o [1]
Region$$Table$$Base          0x3bf4          --   Gb  - Linker created -
Region$$Table$$Limit         0x3c18          --   Gb  - Linker created -
ResetISR                     0x3c89   0x12  Code  Gb  startup_ewarm.o [1]
SysCtlClockGet               0x38d1  0x110  Code  Gb  sysctl.o [3]
SysCtlClockSet               0x37f9   0xd8  Code  Gb  sysctl.o [3]
SysCtlDelay                  0x37f1    0x8  Code  Gb  sysctl.o [3]
SysCtlPeripheralEnable       0x37d5    0x8  Code  Gb  sysctl.o [3]
Timer                        0x2c8d   0x8c  Code  Gb  Adv_Calc.o [1]
Timer0IntHandler             0x1ec5   0xa2  Code  Gb  Basic_Calc.o [1]
Timer0_Init                  0x2de7   0x3e  Code  Gb  Adv_Calc.o [1]
Timer1IntHandler             0x3027   0x8c  Code  Gb  Stopwatch.o [1]
TimerConfigure               0x369b   0x52  Code  Gb  timer.o [3]
TimerEnable                  0x368f    0xc  Code  Gb  timer.o [3]
TimerIntClear                0x3731    0x4  Code  Gb  timer.o [3]
TimerIntEnable               0x3727    0x4  Code  Gb  timer.o [3]
TimerIntRegister             0x370d   0x1a  Code  Gb  timer.o [3]
TimerLoadSet                 0x36fd   0x10  Code  Gb  timer.o [3]
TimerReal                    0x2d19   0xce  Code  Gb  Adv_Calc.o [1]
Timerdelay                   0x30b3   0x3e  Code  Gb  Stopwatch.o [1]
_GPIOIntNumberGet            0x2779   0x40  Code  Lc  gpio.o [3]
_LC                           0x26d    0x6  Code  Lc  xprintffull_nomb.o [2]
_LitobFullNoMb                0xefd  0x114  Code  Lc  xprintffull_nomb.o [2]
_PrintfFullNoMb               0x273  0xc76  Code  Gb  xprintffull_nomb.o [2]
_Prout                       0x3d13   0x16  Code  Gb  xprout.o [2]
_PutcharsFullNoMb            0x1069   0x2e  Code  Lc  xprintffull_nomb.o [2]
_SNProut                     0x113b   0x1a  Code  Gb  xsnprout.o [2]
_SProut                      0x11cb    0xa  Code  Gb  xsprout.o [2]
_TimerIntNumberGet           0x364d   0x42  Code  Lc  timer.o [3]
__aeabi_cdcmple              0x1315         Code  Gb  DblCmpLe.o [4]
__aeabi_cdrcmple             0x1349         Code  Gb  DblCmpGe.o [4]
__aeabi_d2iz                 0x14b9         Code  Gb  DblToS32.o [4]
__aeabi_d2uiz                0x19ad         Code  Gb  DblToU32.o [4]
__aeabi_ddiv                 0x1765         Code  Gb  DblDiv.o [4]
__aeabi_dmul                 0x19ed         Code  Gb  DblMul.o [4]
__aeabi_dsub                 0x1681         Code  Gb  DblAddSub.o [4]
__aeabi_f2d                  0x339d         Code  Gb  FltToDbl.o [4]
__aeabi_i2d                  0x14f1         Code  Gb  S32ToDbl.o [4]
__aeabi_ldiv0                0x1dd1         Code  Gb  I64DivZer.o [5]
__aeabi_memset               0x3a95         Code  Gb  ABImemset.o [5]
__aeabi_ui2d                 0x19d1         Code  Gb  U32ToDbl.o [4]
__aeabi_uldivmod             0x1b99         Code  Gb  I64DivMod.o [5]
__basic_free                 0x34d5   0x16  Code  Gb  heap0.o [2]
__basic_free_intern          0x34eb   0x74  Code  Lc  heap0.o [2]
__basic_malloc               0x3429   0x18  Code  Gb  heap0.o [2]
__basic_malloc_intern        0x3441   0x94  Code  Lc  heap0.o [2]
__cmain                      0x3cc5         Code  Gb  cmain.o [5]
__data_GetMemChunk           0x3afd   0x2c  Code  Gb  xgetmemchunk.o [2]
__data_GetMemChunk::start
                        0x2000'06c0    0x4  Data  Lc  xgetmemchunk.o [2]
__dwrite                     0x3c49   0x1e  Code  Gb  dwrite.o [6]
__exit                       0x1dd5   0x14  Code  Gb  exit.o [6]
__iar_Fail_s                 0x1155   0x1c  Code  Gb  xfail_s.o [2]
__iar_Memchr                 0x11d5         Code  Gb  memchr.o [5]
__iar_Memset                 0x3a95         Code  Gb  ABImemset.o [5]
__iar_Memset_word            0x3a9d         Code  Gb  ABImemset.o [5]
__iar_Strchr                 0x1125         Code  Gb  strchr.o [5]
__iar_close_ttio             0x1de9   0x2c  Code  Gb  iarttio.o [6]
__iar_copy_init3             0x10fb   0x2a  Code  Gb  copy_init3.o [5]
__iar_data_init3             0x3b89   0x28  Code  Gb  data_init.o [5]
__iar_frexp                  0x12b1         Code  Gb  frexp.o [4]
__iar_frexpl                 0x12b1         Code  Gb  frexp.o [4]
__iar_get_ttio               0x1e15   0x4c  Code  Gb  iarttio.o [6]
__iar_init_vfp               0x3bb1         Code  Gb  fpinit_M.o [4]
__iar_ldexp64                0x137d         Code  Gb  ldexp.o [4]
__iar_lookup_ttioh           0x1e65    0x8  Code  Gb  XShttio.o [2]
__iar_program_start          0x3ca9         Code  Gb  cstartup_M.o [5]
__iar_scalbln64              0x137d         Code  Gb  ldexp.o [4]
__iar_scalbn64               0x137d         Code  Gb  ldexp.o [4]
__iar_sh_stdout              0x3c67   0x20  Code  Gb  iarwstd.o [6]
__iar_sh_write               0x3bd3   0x22  Code  Gb  iarwrite.o [6]
__iar_softfp___iar_frexp64
                             0x12a5         Code  Gb  frexp.o [4]
__iar_softfp_frexp           0x12a5         Code  Gb  frexp.o [4]
__iar_softfp_frexpl          0x12a5         Code  Gb  frexp.o [4]
__iar_ttio_handles      0x2000'0000    0x8  Data  Lc  XShttio.o [2]
__iar_unaligned_memcpy       0x122d         Code  Gb  ABImemcpy_unaligned.o [5]
__iar_unaligned_memcpy4
                             0x124d         Code  Gb  ABImemcpy_unaligned.o [5]
__iar_unaligned_memcpy8
                             0x124d         Code  Gb  ABImemcpy_unaligned.o [5]
__iar_zero_init3             0x3b29   0x38  Code  Gb  zero_init3.o [5]
__low_level_init             0x3ce3    0x4  Code  Gb  low_level_init.o [2]
__vector_table                  0x0  0x26c  Data  Gb  startup_ewarm.o [1]
__write                      0x3c39   0x10  Code  Gb  write.o [6]
_call_main                   0x3cd1         Code  Gb  cmain.o [5]
_exit                        0x3d09         Code  Gb  cexit.o [5]
abort                        0x1dc9    0x6  Code  Gb  abort.o [2]
add                          0x2275   0x16  Code  Gb  Basic_Calc.o [1]
addition                0x2000'0009    0x1  Data  Gb  Basic_Calc.o [1]
calc                         0x1f69  0x2d8  Code  Gb  Basic_Calc.o [1]
calculator_Init              0x3571   0x10  Code  Gb  Calculator.o [1]
calculator_menu              0x35b5   0x56  Code  Gb  Calculator.o [1]
calculator_welcomeMsg        0x3581   0x34  Code  Gb  Calculator.o [1]
clear_data                   0x2327   0x32  Code  Gb  Basic_Calc.o [1]
delay_ms                     0x2685   0x1a  Code  Gb  Delay.o [1]
delay_us                     0x269f   0x16  Code  Gb  Delay.o [1]
displayTime                  0x2597   0x74  Code  Gb  LCD.o [1]
divi                         0x22b7   0x70  Code  Gb  Basic_Calc.o [1]
division                0x2000'000c    0x1  Data  Gb  Basic_Calc.o [1]
errorEntry                   0x2abb   0x34  Code  Gb  Calculator_Base.o [1]
exit                         0x3d05    0x4  Code  Gb  exit.o [2]
fini_calc                    0x2241   0x34  Code  Gb  Basic_Calc.o [1]
fini_stopwatch               0x3339    0xe  Code  Gb  Stopwatch.o [1]
flag                    0x2000'069c    0x4  Data  Gb  Adv_Calc.o [1]
floatkey                0x2000'06b4    0x4  Data  Gb  Basic_Calc.o [1]
free                         0x3565    0x4  Code  Gb  heaptramp0.o [2]
g_pfnRAMVectors         0x2000'0400  0x26c  Data  Lc  interrupt.o [3]
g_ppui32GPIOIntMapBlizzard
                             0x27f4   0xc0  Data  Lc  gpio.o [3]
g_ppui32GPIOIntMapSnowflake
                             0x28b4   0xd8  Data  Lc  gpio.o [3]
g_ppui32TimerIntMap          0x3734   0x60  Data  Lc  timer.o [3]
g_ppui32TimerIntMapSnowflake
                             0x3794   0x40  Data  Lc  timer.o [3]
g_pui32EnRegs                0x2a28   0x14  Data  Lc  interrupt.o [3]
g_pui32Xtals                 0x3a28   0x6c  Data  Lc  sysctl.o [3]
getStarted                   0x2a67   0x46  Code  Gb  Calculator_Base.o [1]
init_PortfF                  0x2a3d   0x2a  Code  Gb  Calculator_Base.o [1]
isEnter                 0x2000'0008    0x1  Data  Gb  Basic_Calc.o [1]
isEnter1                0x2000'000d    0x1  Data  Gb  Stopwatch.o [1]
key                     0x2000'06c5    0x1  Data  Gb  Calculator_Base.o [1]
key1                    0x2000'06c4    0x1  Data  Gb  Basic_Calc.o [1]
keypad_Init                  0x2ba5   0x56  Code  Gb  Keypad.o [1]
keypad_getkey                0x2bfb   0x52  Code  Gb  Keypad.o [1]
ldexp                        0x137d         Code  Gb  ldexp.o [4]
ldexpl                       0x137d         Code  Gb  ldexp.o [4]
loading                      0x260b   0x44  Code  Gb  LCD.o [1]
m                       0x2000'06a0    0x4  Data  Gb  Adv_Calc.o [1]
main                         0x3ce9   0x1c  Code  Gb  main.o [1]
mem                     0x2000'066c   0x28  Data  Gb  Basic_Calc.o [1]
memchr                       0x11d5         Code  Gb  memchr.o [5]
memcount                0x2000'06b8    0x4  Data  Gb  Calculator_Base.o [1]
memfinalize                  0x2b09   0x68  Code  Gb  Calculator_Base.o [1]
memset                       0x3347   0x14  Code  Gb  memset.o [5]
mult                         0x22a1   0x16  Code  Gb  Basic_Calc.o [1]
multiply                0x2000'000b    0x1  Data  Gb  Basic_Calc.o [1]
num1                    0x2000'06ac    0x4  Data  Gb  Basic_Calc.o [1]
num2                    0x2000'06b0    0x4  Data  Gb  Basic_Calc.o [1]
portF_Init                   0x26b5   0x36  Code  Gb  LEDs.o [1]
printf                       0x3625   0x28  Code  Gb  printf.o [2]
pui32Stack              0x2000'06c8  0x100  Data  Lc  startup_ewarm.o [1]
putchar                      0x3c19   0x20  Code  Gb  putchar.o [2]
result                  0x2000'06a8    0x4  Data  Gb  Basic_Calc.o [1]
s                       0x2000'06a4    0x4  Data  Gb  Adv_Calc.o [1]
scalbln                      0x137d         Code  Gb  ldexp.o [4]
scalblnl                     0x137d         Code  Gb  ldexp.o [4]
scalbn                       0x137d         Code  Gb  ldexp.o [4]
scalbnl                      0x137d         Code  Gb  ldexp.o [4]
scale                        0x1011   0x46  Code  Lc  xprintffull_nomb.o [2]
scanKeypad                   0x2aad    0xe  Code  Gb  Calculator_Base.o [1]
sec_hand                0x2000'06bc    0x4  Data  Lc  xfail_s.o [2]
snprintf                     0x33e5   0x44  Code  Gb  snprintf.o [2]
sprintf                      0x335d   0x40  Code  Gb  sprintf.o [2]
start_calc                   0x1e6d   0x58  Code  Gb  Basic_Calc.o [1]
start_stopwatch              0x2fe1   0x26  Code  Gb  Stopwatch.o [1]
start_timer                  0x2c7d   0x10  Code  Gb  Adv_Calc.o [1]
stopwatch                    0x30f1  0x206  Code  Gb  Stopwatch.o [1]
store                        0x2aef   0x18  Code  Gb  Calculator_Base.o [1]
strchr                       0x1125         Code  Gb  strchr.o [5]
strlen                       0x1195         Code  Gb  strlen.o [5]
sub                          0x228b   0x16  Code  Gb  Basic_Calc.o [1]
subtract                0x2000'000a    0x1  Data  Gb  Basic_Calc.o [1]
symbol                       0x3db0   0x10  Data  Gb  Keypad.o [1]
timer                        0x2e25  0x176  Code  Gb  Adv_Calc.o [1]


[1] = D:\S7\intro to embedded\Tiva-C-Applications-With-LCD-Keypad-master\Debug\Obj
[2] = dl7M_tln.a
[3] = driverlib.a
[4] = m7M_tls.a
[5] = rt7M_tl.a
[6] = shb_l.a

  14'960 bytes of readonly  code memory
     948 bytes of readonly  data memory
  10'180 bytes of readwrite data memory

Errors: none
Warnings: 2
